<?xml version="1.0"?>
<data inherit_id="mrp.report_mrp_production_components" priority="50">
    <xpath expr="//span[@t-field='raw_line.product_id']" position="after">
        <t t-if="raw_line.forecast_expected_date">
            <br />
            <span>Expected date: </span>
            <span t-field="raw_line.forecast_expected_date" t-options='{"widget": "date"}' />
            <br />
        </t>
    </xpath>
</data>